org/apache/flink/api/java/typeutils/runtime/WritableSerializer.class
org/apache/flink/api/java/record/io/GenericInputFormat.class
org/apache/flink/api/java/operators/JoinOperator$JoinOperatorSets.class
org/apache/flink/api/java/typeutils/BasicArrayTypeInfo.class
org/apache/flink/api/java/functions/InvalidTypesException.class
org/apache/flink/api/java/operators/JoinOperator$DefaultFlatJoinFunction.class
org/apache/flink/api/java/record/operators/CrossOperator.class
org/apache/flink/api/java/record/io/CollectionInputFormat.class
org/apache/flink/api/java/operators/ReduceOperator.class
org/apache/flink/api/java/tuple/Tuple9.class
org/apache/flink/api/java/tuple/Tuple7.class
org/apache/flink/api/java/operators/DistinctOperator$DistinctFunction.class
org/apache/flink/api/java/tuple/builder/Tuple23Builder.class
org/apache/flink/api/java/typeutils/runtime/RuntimeStatefulSerializerFactory.class
org/apache/flink/api/java/operators/TwoInputUdfOperator.class
org/apache/flink/api/java/aggregation/MaxAggregationFunction.class
org/apache/flink/api/java/io/DiscardingOutputFormat.class
org/apache/flink/api/java/operators/translation/PlanUnwrappingReduceOperator$ReduceWrapper.class
org/apache/flink/api/java/record/io/FileInputFormat.class
org/apache/flink/api/java/tuple/Tuple15.class
org/apache/flink/api/java/tuple/builder/Tuple19Builder.class
org/apache/flink/api/java/typeutils/runtime/CopyableValueComparator.class
org/apache/flink/api/java/ExecutionEnvironment.class
org/apache/flink/api/java/aggregation/SumAggregationFunction.class
org/apache/flink/api/java/operators/DistinctOperator.class
org/apache/flink/api/java/aggregation/SumAggregationFunction$IntSumAgg.class
org/apache/flink/api/java/operators/CrossOperator.class
org/apache/flink/api/java/operators/UdfOperator.class
org/apache/flink/api/java/tuple/Tuple21.class
org/apache/flink/api/java/operators/translation/TupleKeyExtractingMapper.class
org/apache/flink/api/java/record/functions/FunctionAnnotation$ConstantFieldsSecondExcept.class
org/apache/flink/api/java/typeutils/InputTypeConfigurable.class
org/apache/flink/api/java/operators/translation/KeyRemovingMapper.class
org/apache/flink/api/java/operators/translation/PlanUnwrappingJoinOperator$1.class
org/apache/flink/api/java/tuple/Tuple16.class
org/apache/flink/api/java/aggregation/MinAggregationFunction$MinAggregationFunctionFactory.class
org/apache/flink/api/java/operators/JoinOperator$JoinOperatorSets$JoinOperatorSetsPredicate.class
org/apache/flink/api/java/typeutils/CompositeType.class
org/apache/flink/api/java/DeltaIteration$WorksetPlaceHolder.class
org/apache/flink/api/java/operators/CrossOperator$DefaultCross.class
org/apache/flink/api/java/functions/RichCrossFunction.class
org/apache/flink/api/java/operators/translation/PlanUnwrappingReduceGroupOperator$1.class
org/apache/flink/api/java/functions/FunctionAnnotation$ConstantFieldsExcept.class
org/apache/flink/api/java/aggregation/AggregationFunction.class
org/apache/flink/api/java/operators/Keys$SelectorFunctionKeys.class
org/apache/flink/api/java/operators/CoGroupOperator$CoGroupOperatorSets.class
org/apache/flink/api/java/typeutils/runtime/TupleSerializer.class
org/apache/flink/api/java/operators/CustomUnaryOperation.class
org/apache/flink/api/java/record/operators/CrossWithLargeOperator.class
org/apache/flink/api/java/aggregation/SumAggregationFunction$ShortSumAgg.class
org/apache/flink/api/java/operators/translation/JavaPlan.class
org/apache/flink/api/java/operators/CoGroupOperator$CoGroupOperatorSets$CoGroupOperatorSetsPredicate.class
org/apache/flink/api/java/tuple/builder/Tuple10Builder.class
org/apache/flink/api/java/typeutils/runtime/record/RecordPairComparatorFactory.class
org/apache/flink/api/java/operators/CrossOperator$1.class
org/apache/flink/api/java/typeutils/runtime/TuplePairComparator.class
org/apache/flink/api/java/tuple/builder/Tuple6Builder.class
org/apache/flink/api/java/typeutils/runtime/ValueComparator.class
org/apache/flink/api/java/operators/translation/PlanUnwrappingCoGroupOperator$TupleUnwrappingCoGrouper.class
org/apache/flink/api/java/tuple/Tuple12.class
org/apache/flink/api/java/record/functions/FunctionAnnotation$ImplicitlyForwardingTwoInputSemanticProperties.class
org/apache/flink/api/java/operators/Keys$ExpressionKeys.class
org/apache/flink/api/java/record/operators/JoinOperator$Builder.class
org/apache/flink/api/java/operators/JoinOperator$RightSemiFlatJoinFunction.class
org/apache/flink/api/java/operators/translation/PlanFilterOperator$FlatMapFilter.class
org/apache/flink/api/java/record/operators/CoGroupOperator.class
org/apache/flink/api/java/operators/ProjectOperator.class
org/apache/flink/api/java/aggregation/SumAggregationFunction$LongSumAgg.class
org/apache/flink/api/java/record/functions/FunctionAnnotation$AllFieldsConstants.class
org/apache/flink/api/java/operators/JoinOperator$DefaultJoin$WrappingFlatJoinFunction.class
org/apache/flink/api/java/operators/ProjectOperator$Projection.class
org/apache/flink/api/java/typeutils/WritableTypeInfo.class
org/apache/flink/api/java/tuple/Tuple2.class
org/apache/flink/api/java/record/operators/BulkIteration$PartialSolutionPlaceHolder.class
org/apache/flink/api/java/operators/JoinOperator.class
org/apache/flink/api/java/DeltaIteration.class
org/apache/flink/api/java/typeutils/BasicTypeInfo.class
org/apache/flink/api/java/record/operators/ReduceOperator$WrappingReduceFunction.class
org/apache/flink/api/java/tuple/builder/Tuple9Builder.class
org/apache/flink/api/java/operators/JoinOperator$EquiJoin.class
org/apache/flink/api/java/tuple/Tuple5.class
org/apache/flink/api/java/LocalEnvironment.class
org/apache/flink/api/java/record/operators/ReduceOperator.class
org/apache/flink/api/java/operators/translation/PlanFilterOperator$1.class
org/apache/flink/api/java/operators/translation/PlanUnwrappingReduceOperator$1.class
org/apache/flink/api/java/operators/OperatorTranslation.class
org/apache/flink/api/java/record/operators/GenericDataSource.class
org/apache/flink/api/java/operators/translation/WrappingFunction$WrappingRuntimeContext.class
org/apache/flink/api/java/tuple/builder/Tuple8Builder.class
org/apache/flink/api/java/functions/FunctionAnnotation.class
org/apache/flink/api/java/record/operators/CrossWithLargeOperator$1.class
org/apache/flink/api/java/functions/FunctionAnnotation$ConstantFields.class
org/apache/flink/api/java/tuple/builder/Tuple15Builder.class
org/apache/flink/api/java/tuple/builder/Tuple13Builder.class
org/apache/flink/api/java/record/io/ExternalProcessInputSplit.class
org/apache/flink/api/java/tuple/builder/Tuple17Builder.class
org/apache/flink/api/java/io/IteratorInputFormat.class
org/apache/flink/api/java/functions/FlatMapIterator.class
org/apache/flink/api/java/record/operators/FileDataSource.class
org/apache/flink/api/java/operators/translation/PlanUnwrappingReduceOperator.class
org/apache/flink/api/java/record/functions/CoGroupFunction.class
org/apache/flink/api/java/aggregation/SumAggregationFunction$ByteSumAgg.class
org/apache/flink/api/java/tuple/builder/Tuple1Builder.class
org/apache/flink/api/java/operators/CoGroupOperator.class
org/apache/flink/api/java/operators/translation/PlanFilterOperator.class
org/apache/flink/api/java/io/CsvReader.class
org/apache/flink/api/java/typeutils/runtime/TupleComparator.class
org/apache/flink/api/java/operators/translation/TupleWrappingCollector.class
org/apache/flink/api/java/io/CollectionInputFormat.class
org/apache/flink/api/java/record/io/CsvInputFormat$ConfigBuilder.class
org/apache/flink/api/java/typeutils/PojoTypeInfo$1.class
org/apache/flink/api/java/operators/CrossOperator$ProjectCross.class
org/apache/flink/api/java/operators/JoinOperator$JoinHint.class
org/apache/flink/api/java/operators/CoGroupOperator$CoGroupOperatorSets$CoGroupOperatorSetsPredicate$CoGroupOperatorWithoutFunction.class
org/apache/flink/api/java/typeutils/runtime/DataInputDecoder.class
org/apache/flink/api/java/tuple/Tuple19.class
org/apache/flink/api/java/record/operators/CrossWithLargeOperator$Builder.class
org/apache/flink/api/java/tuple/builder/Tuple21Builder.class
org/apache/flink/api/java/record/operators/OperatorInfoHelper.class
org/apache/flink/api/java/operators/translation/PlanUnwrappingReduceGroupOperator.class
org/apache/flink/api/java/operators/CrossOperator$DefaultCrossFunction.class
org/apache/flink/api/java/operators/translation/PlanUnwrappingJoinOperator$TupleUnwrappingJoiner.class
org/apache/flink/api/java/operators/CoGroupOperator$1.class
org/apache/flink/api/java/typeutils/PojoTypeInfo.class
org/apache/flink/api/java/record/operators/CrossWithSmallOperator$Builder.class
org/apache/flink/api/java/typeutils/runtime/DataOutputEncoder.class
org/apache/flink/api/java/functions/GroupReduceIterator.class
org/apache/flink/api/java/operators/JoinOperator$LeftSemiFlatJoinFunction.class
org/apache/flink/api/java/tuple/Tuple13.class
org/apache/flink/api/java/operators/AggregateOperator.class
org/apache/flink/api/java/record/operators/ReduceOperator$Combinable.class
org/apache/flink/api/java/functions/RichCoGroupFunction.class
org/apache/flink/api/java/typeutils/AtomicType.class
org/apache/flink/api/java/record/functions/FunctionAnnotation$ConstantFieldsFirstExcept.class
org/apache/flink/api/java/io/CsvOutputFormat.class
org/apache/flink/api/java/record/io/CsvInputFormat$AbstractConfigBuilder.class
org/apache/flink/api/java/tuple/builder/Tuple22Builder.class
org/apache/flink/api/java/typeutils/ResultTypeQueryable.class
org/apache/flink/api/java/operators/JoinOperator$ProjectJoin.class
org/apache/flink/api/java/record/operators/MapOperator$1.class
org/apache/flink/api/java/tuple/Tuple4.class
org/apache/flink/api/java/functions/FunctionAnnotation$ReadFieldsSecond.class
org/apache/flink/api/java/record/operators/ReduceOperator$1.class
org/apache/flink/api/java/record/io/ExternalProcessInputFormat.class
org/apache/flink/api/java/functions/FunctionAnnotation$ConstantFieldsFirst.class
org/apache/flink/api/java/record/functions/FunctionAnnotation$1.class
org/apache/hadoop/io/Writable.class
org/apache/flink/api/java/operators/translation/PlanProjectOperator$MapProjector.class
org/apache/flink/api/java/record/functions/FunctionAnnotation$ConstantFieldsExcept.class
org/apache/flink/api/java/record/io/CsvInputFormat$RecordFormatCompilerHints.class
org/apache/flink/api/java/typeutils/TupleTypeInfo.class
org/apache/flink/api/java/record/operators/MapOperator$Builder.class
org/apache/flink/api/java/record/io/DelimitedOutputFormat$AbstractConfigBuilder.class
org/apache/flink/api/java/functions/RichMapFunction.class
org/apache/flink/api/java/functions/FunctionAnnotation$ConstantFieldsSecond.class
org/apache/flink/api/java/record/operators/CrossOperator$Builder.class
org/apache/flink/api/java/record/functions/JoinFunction.class
org/apache/flink/api/java/tuple/builder/Tuple7Builder.class
org/apache/flink/api/java/operators/CrossOperator$ProjectCrossFunction.class
org/apache/flink/api/java/record/io/DelimitedInputFormat.class
org/apache/flink/api/java/IterativeDataSet.class
org/apache/flink/api/java/record/io/TextInputFormat.class
org/apache/flink/api/java/tuple/builder/Tuple4Builder.class
org/apache/flink/api/java/tuple/Tuple.class
org/apache/flink/api/java/typeutils/runtime/record/RecordComparator.class
org/apache/flink/api/java/functions/RichJoinFunction.class
org/apache/flink/api/java/typeutils/runtime/WritableComparator.class
org/apache/flink/api/java/record/operators/DeltaIteration$SolutionSetPlaceHolder.class
org/apache/flink/api/java/tuple/Tuple6.class
org/apache/flink/api/java/record/operators/CoGroupOperator$WrappingCoGroupFunction.class
org/apache/flink/api/java/tuple/Tuple25.class
org/apache/flink/api/java/functions/RichFlatMapFunction.class
org/apache/flink/api/java/tuple/Tuple22.class
org/apache/flink/api/java/tuple/builder/Tuple12Builder.class
org/apache/flink/api/java/record/operators/ReduceOperator$WrappingClassReduceFunction.class
org/apache/flink/api/java/record/operators/ReduceOperator$Builder.class
org/apache/flink/api/java/record/operators/CrossWithSmallOperator$1.class
org/apache/flink/api/java/record/operators/BulkIteration.class
org/apache/flink/api/java/operators/translation/PlanUnwrappingCoGroupOperator.class
org/apache/flink/api/java/tuple/Tuple1.class
org/apache/flink/api/java/record/operators/FileDataSink.class
org/apache/flink/api/java/typeutils/PojoField.class
org/apache/flink/api/java/io/DiscardingOuputFormat.class
org/apache/flink/api/java/typeutils/ObjectArrayTypeInfo.class
org/apache/flink/api/java/aggregation/MaxAggregationFunction$MaxAggregationFunctionFactory.class
org/apache/flink/api/java/record/functions/FunctionAnnotation$ConstantFieldsSecond.class
org/apache/flink/api/java/operators/translation/PlanUnwrappingReduceGroupOperator$TupleUnwrappingNonCombinableGroupReducer.class
org/apache/flink/api/java/record/io/CsvOutputFormat$ConfigBuilder.class
org/apache/flink/api/java/tuple/Tuple20.class
org/apache/flink/api/java/tuple/builder/Tuple20Builder.class
org/apache/flink/api/java/functions/RichFlatCombineFunction.class
org/apache/flink/api/java/operators/translation/WrappingFunction$WrappingIterationRuntimeContext.class
org/apache/flink/api/java/functions/SemanticPropUtil.class
org/apache/flink/api/java/operators/SingleInputUdfOperator.class
org/apache/flink/api/java/tuple/builder/Tuple5Builder.class
org/apache/flink/api/java/aggregation/UnsupportedAggregationTypeException.class
org/apache/flink/api/java/operators/MapOperator.class
org/apache/flink/api/java/record/operators/JoinOperator.class
org/apache/flink/api/java/aggregation/Aggregations.class
org/apache/flink/api/java/operators/SingleInputOperator.class
org/apache/flink/api/java/tuple/builder/Tuple16Builder.class
org/apache/flink/api/java/functions/FunctionAnnotation$ReadFields.class
org/apache/flink/api/java/operators/JoinOperator$DefaultJoin.class
org/apache/flink/api/java/operators/JoinOperator$JoinProjection.class
org/apache/flink/api/java/operators/Grouping.class
org/apache/flink/api/java/typeutils/runtime/TupleLeadingFieldPairComparator.class
org/apache/flink/api/java/record/functions/MapFunction.class
org/apache/flink/api/java/tuple/Tuple3.class
org/apache/flink/api/java/RemoteEnvironment.class
org/apache/flink/api/java/tuple/Tuple14.class
org/apache/flink/api/java/typeutils/runtime/ValueSerializer.class
org/apache/flink/api/java/typeutils/runtime/PojoSerializer.class
org/apache/flink/api/java/tuple/TupleGenerator.class
org/apache/flink/api/java/functions/RichFilterFunction.class
org/apache/flink/api/java/typeutils/runtime/TupleLeadingFieldComparator.class
org/apache/flink/api/java/operators/DataSource.class
org/apache/flink/api/java/operators/translation/PlanProjectOperator$1.class
org/apache/flink/api/java/tuple/builder/Tuple3Builder.class
org/apache/flink/api/java/typeutils/runtime/RuntimePairComparatorFactory.class
org/apache/flink/api/java/record/io/DelimitedOutputFormat$ConfigBuilder.class
org/apache/flink/api/java/operators/AggregateOperator$AggregatingUdf.class
org/apache/flink/api/java/DeltaIterationResultSet.class
org/apache/flink/api/java/record/operators/DeltaIteration$WorksetPlaceHolder.class
org/apache/flink/api/java/operators/translation/KeyExtractingMapper.class
org/apache/flink/api/java/tuple/builder/Tuple25Builder.class
org/apache/flink/api/java/aggregation/AggregationFunctionFactory.class
org/apache/flink/api/java/record/operators/CollectionDataSource.class
org/apache/flink/api/java/aggregation/SumAggregationFunction$SumAggregationFunctionFactory.class
org/apache/flink/api/java/functions/RichGroupReduceFunction$Combinable.class
org/apache/flink/api/java/functions/RichReduceFunction.class
org/apache/flink/api/java/operators/SortedGrouping.class
org/apache/flink/api/java/operators/translation/PlanUnwrappingCoGroupOperator$1.class
org/apache/flink/api/java/typeutils/GenericTypeInfo.class
org/apache/flink/api/java/record/operators/CoGroupOperator$Builder.class
org/apache/flink/api/java/typeutils/runtime/CopyableValueSerializer.class
org/apache/flink/api/java/operators/translation/TupleUnwrappingIterator.class
org/apache/flink/api/java/typeutils/ValueTypeInfo.class
org/apache/flink/api/java/record/operators/CoGroupOperator$WrappingClassCoGroupFunction.class
org/apache/flink/api/java/tuple/Tuple8.class
org/apache/flink/api/java/DeltaIteration$SolutionSetPlaceHolder.class
org/apache/flink/api/java/record/functions/CrossFunction.class
org/apache/flink/api/java/operators/translation/PlanUnwrappingReduceGroupOperator$TupleUnwrappingFlatCombinableGroupReducer.class
org/apache/flink/api/java/tuple/builder/Tuple2Builder.class
org/apache/flink/api/java/record/operators/DeltaIteration.class
org/apache/flink/api/java/tuple/builder/Tuple24Builder.class
org/apache/flink/api/java/functions/FunctionAnnotation$ConstantFieldsFirstExcept.class
org/apache/flink/api/java/tuple/Tuple23.class
org/apache/flink/api/java/typeutils/runtime/GenericArraySerializer.class
org/apache/flink/api/java/io/TextValueInputFormat.class
org/apache/flink/api/java/record/io/CsvOutputFormat.class
org/apache/flink/api/java/io/TextInputFormat.class
org/apache/flink/api/java/io/CsvInputFormat.class
org/apache/flink/api/java/operators/Keys$FieldPositionKeys.class
org/apache/flink/api/java/record/io/FixedLengthInputFormat.class
org/apache/flink/api/java/tuple/Tuple24.class
org/apache/flink/api/java/typeutils/runtime/GenericTypeComparator.class
org/apache/flink/api/java/operators/UnsortedGrouping.class
org/apache/flink/api/java/aggregation/MinAggregationFunction.class
org/apache/flink/api/java/typeutils/runtime/record/RecordSerializerFactory.class
org/apache/flink/api/java/operators/CrossOperator$CrossProjection.class
org/apache/flink/api/java/record/io/DelimitedOutputFormat.class
org/apache/flink/api/java/operators/TwoInputOperator.class
org/apache/flink/api/java/io/TextOutputFormat.class
org/apache/flink/api/java/operators/UnionOperator.class
org/apache/flink/api/java/typeutils/runtime/PojoPairComparator.class
org/apache/flink/api/java/functions/FunctionAnnotation$ConstantFieldsSecondExcept.class
org/apache/flink/api/java/tuple/builder/Tuple14Builder.class
org/apache/flink/api/java/functions/RichFlatJoinFunction.class
org/apache/flink/api/java/operators/translation/WrappingFunction.class
org/apache/flink/api/java/typeutils/runtime/record/RecordPairComparator.class
org/apache/flink/api/java/DeltaIteration$1.class
org/apache/flink/api/java/io/LocalCollectionOutputFormat.class
org/apache/flink/api/java/operators/FlatMapOperator.class
org/apache/flink/api/java/operators/DataSink.class
org/apache/flink/api/java/operators/translation/PlanProjectOperator.class
org/apache/flink/api/java/record/io/ExternalProcessFixedLengthInputFormat.class
org/apache/flink/api/java/DataSet.class
org/apache/flink/api/java/typeutils/TypeInfoParser.class
org/apache/flink/api/java/typeutils/RecordTypeInfo.class
org/apache/flink/api/java/typeutils/TypeExtractor.class
org/apache/flink/api/java/record/io/CsvOutputFormat$AbstractConfigBuilder.class
org/apache/flink/api/java/record/functions/FunctionAnnotation.class
org/apache/flink/api/java/operators/JoinOperator$ProjectFlatJoinFunction.class
org/apache/flink/api/java/typeutils/PrimitiveArrayTypeInfo.class
org/apache/flink/api/java/record/operators/MapOperator.class
org/apache/flink/api/java/BulkIterationResultSet.class
org/apache/flink/api/java/operators/Operator.class
org/apache/flink/api/java/functions/KeySelector.class
org/apache/flink/api/java/typeutils/runtime/RuntimeStatelessSerializerFactory.class
org/apache/flink/api/java/record/io/FileOutputFormat.class
org/apache/flink/api/java/operators/Keys.class
org/apache/flink/api/java/operators/FilterOperator.class
org/apache/flink/api/java/operators/JoinOperator$1.class
org/apache/flink/api/java/record/functions/FunctionAnnotation$ImplicitlyForwardingSingleInputSemanticProperties.class
org/apache/flink/api/java/tuple/Tuple17.class
org/apache/flink/api/java/tuple/Tuple10.class
org/apache/flink/api/java/tuple/Tuple18.class
org/apache/flink/api/java/typeutils/runtime/AvroSerializer.class
org/apache/flink/api/java/tuple/builder/Tuple18Builder.class
org/apache/flink/api/java/record/io/CsvInputFormat.class
org/apache/flink/api/java/record/operators/CrossWithSmallOperator.class
org/apache/flink/api/java/typeutils/runtime/RuntimeComparatorFactory.class
org/apache/flink/api/java/aggregation/SumAggregationFunction$DoubleSumAgg.class
org/apache/flink/api/java/io/ParallelIteratorInputFormat.class
org/apache/flink/api/java/operators/GroupReduceOperator.class
org/apache/flink/api/java/functions/RichGroupReduceFunction.class
org/apache/flink/api/java/functions/UnsupportedLambdaExpressionException.class
org/apache/flink/api/java/record/functions/FunctionAnnotation$ConstantFieldsFirst.class
org/apache/flink/api/java/tuple/Tuple11.class
org/apache/flink/api/java/record/functions/FunctionAnnotation$ConstantFields.class
org/apache/flink/api/java/typeutils/runtime/PojoComparator.class
org/apache/flink/api/java/record/functions/ReduceFunction.class
org/apache/flink/api/java/record/io/CsvInputFormat$1.class
org/apache/flink/api/java/record/operators/GenericDataSink.class
org/apache/flink/api/java/aggregation/SumAggregationFunction$FloatSumAgg.class
org/apache/flink/api/java/typeutils/runtime/record/RecordSerializer.class
org/apache/flink/api/java/tuple/builder/Tuple11Builder.class
org/apache/flink/api/java/typeutils/runtime/record/RecordComparatorFactory.class
org/apache/flink/api/java/operators/translation/PlanUnwrappingJoinOperator.class
org/apache/flink/api/java/io/PrintingOutputFormat.class
org/apache/flink/api/java/functions/FunctionAnnotation$ReadFieldsFirst.class
