/home/travis/build/apache/incubator-flink/flink-java/src/main/java/org/apache/flink/api/java/operators/Grouping.java
/home/travis/build/apache/incubator-flink/flink-java/src/main/java/org/apache/flink/api/java/operators/translation/PlanUnwrappingReduceGroupOperator.java
/home/travis/build/apache/incubator-flink/flink-java/src/main/java/org/apache/flink/api/java/aggregation/AggregationFunction.java
/home/travis/build/apache/incubator-flink/flink-java/src/main/java/org/apache/hadoop/io/Writable.java
/home/travis/build/apache/incubator-flink/flink-java/src/main/java/org/apache/flink/api/java/io/ParallelIteratorInputFormat.java
/home/travis/build/apache/incubator-flink/flink-java/src/main/java/org/apache/flink/api/java/typeutils/runtime/CopyableValueComparator.java
/home/travis/build/apache/incubator-flink/flink-java/src/main/java/org/apache/flink/api/java/operators/CoGroupOperator.java
/home/travis/build/apache/incubator-flink/flink-java/src/main/java/org/apache/flink/api/java/typeutils/WritableTypeInfo.java
/home/travis/build/apache/incubator-flink/flink-java/src/main/java/org/apache/flink/api/java/operators/translation/KeyRemovingMapper.java
/home/travis/build/apache/incubator-flink/flink-java/src/main/java/org/apache/flink/api/java/typeutils/runtime/ValueComparator.java
/home/travis/build/apache/incubator-flink/flink-java/src/main/java/org/apache/flink/api/java/record/functions/JoinFunction.java
/home/travis/build/apache/incubator-flink/flink-java/src/main/java/org/apache/flink/api/java/tuple/Tuple1.java
/home/travis/build/apache/incubator-flink/flink-java/src/main/java/org/apache/flink/api/java/operators/translation/KeyExtractingMapper.java
/home/travis/build/apache/incubator-flink/flink-java/src/main/java/org/apache/flink/api/java/typeutils/runtime/record/RecordSerializerFactory.java
/home/travis/build/apache/incubator-flink/flink-java/src/main/java/org/apache/flink/api/java/functions/RichJoinFunction.java
/home/travis/build/apache/incubator-flink/flink-java/src/main/java/org/apache/flink/api/java/aggregation/AvgAggregationFunction.java
/home/travis/build/apache/incubator-flink/flink-java/src/main/java/org/apache/flink/api/java/typeutils/RecordTypeInfo.java
/home/travis/build/apache/incubator-flink/flink-java/src/main/java/org/apache/flink/api/java/operators/translation/JavaPlan.java
/home/travis/build/apache/incubator-flink/flink-java/src/main/java/org/apache/flink/api/java/tuple/builder/Tuple24Builder.java
/home/travis/build/apache/incubator-flink/flink-java/src/main/java/org/apache/flink/api/java/aggregation/MinAggregationFunction.java
/home/travis/build/apache/incubator-flink/flink-java/src/main/java/org/apache/flink/api/java/functions/FunctionAnnotation.java
/home/travis/build/apache/incubator-flink/flink-java/src/main/java/org/apache/flink/api/java/typeutils/runtime/GenericTypeComparator.java
/home/travis/build/apache/incubator-flink/flink-java/src/main/java/org/apache/flink/api/java/DataSet.java
/home/travis/build/apache/incubator-flink/flink-java/src/main/java/org/apache/flink/api/java/aggregation/SumAggregationFunction.java
/home/travis/build/apache/incubator-flink/flink-java/src/main/java/org/apache/flink/api/java/tuple/builder/Tuple16Builder.java
/home/travis/build/apache/incubator-flink/flink-java/src/main/java/org/apache/flink/api/java/record/operators/CollectionDataSource.java
/home/travis/build/apache/incubator-flink/flink-java/src/main/java/org/apache/flink/api/java/functions/RichCrossFunction.java
/home/travis/build/apache/incubator-flink/flink-java/src/main/java/org/apache/flink/api/java/operators/TwoInputOperator.java
/home/travis/build/apache/incubator-flink/flink-java/src/main/java/org/apache/flink/api/java/tuple/Tuple.java
/home/travis/build/apache/incubator-flink/flink-java/src/main/java/org/apache/flink/api/java/typeutils/TupleTypeInfo.java
/home/travis/build/apache/incubator-flink/flink-java/src/main/java/org/apache/flink/api/java/record/io/CsvOutputFormat.java
/home/travis/build/apache/incubator-flink/flink-java/src/main/java/org/apache/flink/api/java/operators/FilterOperator.java
/home/travis/build/apache/incubator-flink/flink-java/src/main/java/org/apache/flink/api/java/tuple/Tuple16.java
/home/travis/build/apache/incubator-flink/flink-java/src/main/java/org/apache/flink/api/java/operators/Keys.java
/home/travis/build/apache/incubator-flink/flink-java/src/main/java/org/apache/flink/api/java/typeutils/ValueTypeInfo.java
/home/travis/build/apache/incubator-flink/flink-java/src/main/java/org/apache/flink/api/java/operators/UdfOperator.java
/home/travis/build/apache/incubator-flink/flink-java/src/main/java/org/apache/flink/api/java/typeutils/PojoField.java
/home/travis/build/apache/incubator-flink/flink-java/src/main/java/org/apache/flink/api/java/functions/RichFilterFunction.java
/home/travis/build/apache/incubator-flink/flink-java/src/main/java/org/apache/flink/api/java/typeutils/TypeInfoParser.java
/home/travis/build/apache/incubator-flink/flink-java/src/main/java/org/apache/flink/api/java/record/operators/BulkIteration.java
/home/travis/build/apache/incubator-flink/flink-java/src/main/java/org/apache/flink/api/java/typeutils/BasicArrayTypeInfo.java
/home/travis/build/apache/incubator-flink/flink-java/src/main/java/org/apache/flink/api/java/aggregation/UnsupportedAggregationTypeException.java
/home/travis/build/apache/incubator-flink/flink-java/src/main/java/org/apache/flink/api/java/typeutils/runtime/TupleComparator.java
/home/travis/build/apache/incubator-flink/flink-java/src/main/java/org/apache/flink/api/java/operators/ProjectOperator.java
/home/travis/build/apache/incubator-flink/flink-java/src/main/java/org/apache/flink/api/java/typeutils/runtime/AvroSerializer.java
/home/travis/build/apache/incubator-flink/flink-java/src/main/java/org/apache/flink/api/java/record/io/FileInputFormat.java
/home/travis/build/apache/incubator-flink/flink-java/src/main/java/org/apache/flink/api/java/tuple/Tuple20.java
/home/travis/build/apache/incubator-flink/flink-java/src/main/java/org/apache/flink/api/java/tuple/Tuple11.java
/home/travis/build/apache/incubator-flink/flink-java/src/main/java/org/apache/flink/api/java/typeutils/InputTypeConfigurable.java
/home/travis/build/apache/incubator-flink/flink-java/src/main/java/org/apache/flink/api/java/aggregation/MaxAggregationFunction.java
/home/travis/build/apache/incubator-flink/flink-java/src/main/java/org/apache/flink/api/java/tuple/Tuple13.java
/home/travis/build/apache/incubator-flink/flink-java/src/main/java/org/apache/flink/api/java/io/DiscardingOutputFormat.java
/home/travis/build/apache/incubator-flink/flink-java/src/main/java/org/apache/flink/api/java/tuple/builder/Tuple2Builder.java
/home/travis/build/apache/incubator-flink/flink-java/src/main/java/org/apache/flink/api/java/functions/RichCoGroupFunction.java
/home/travis/build/apache/incubator-flink/flink-java/src/main/java/org/apache/flink/api/java/operators/translation/PlanUnwrappingReduceOperator.java
/home/travis/build/apache/incubator-flink/flink-java/src/main/java/org/apache/flink/api/java/io/TextOutputFormat.java
/home/travis/build/apache/incubator-flink/flink-java/src/main/java/org/apache/flink/api/java/functions/KeySelector.java
/home/travis/build/apache/incubator-flink/flink-java/src/main/java/org/apache/flink/api/java/operators/translation/PlanProjectOperator.java
/home/travis/build/apache/incubator-flink/flink-java/src/main/java/org/apache/flink/api/java/RemoteEnvironment.java
/home/travis/build/apache/incubator-flink/flink-java/src/main/java/org/apache/flink/api/java/io/TextValueInputFormat.java
/home/travis/build/apache/incubator-flink/flink-java/src/main/java/org/apache/flink/api/java/functions/GroupReduceIterator.java
/home/travis/build/apache/incubator-flink/flink-java/src/main/java/org/apache/flink/api/java/record/operators/GenericDataSink.java
/home/travis/build/apache/incubator-flink/flink-java/src/main/java/org/apache/flink/api/java/operators/SingleInputUdfOperator.java
/home/travis/build/apache/incubator-flink/flink-java/src/main/java/org/apache/flink/api/java/operators/translation/PlanUnwrappingJoinOperator.java
/home/travis/build/apache/incubator-flink/flink-java/src/main/java/org/apache/flink/api/java/operators/DataSink.java
/home/travis/build/apache/incubator-flink/flink-java/src/main/java/org/apache/flink/api/java/operators/GroupReduceOperator.java
/home/travis/build/apache/incubator-flink/flink-java/src/main/java/org/apache/flink/api/java/tuple/builder/Tuple7Builder.java
/home/travis/build/apache/incubator-flink/flink-java/src/main/java/org/apache/flink/api/java/record/functions/MapFunction.java
/home/travis/build/apache/incubator-flink/flink-java/src/main/java/org/apache/flink/api/java/record/io/CsvInputFormat.java
/home/travis/build/apache/incubator-flink/flink-java/src/main/java/org/apache/flink/api/java/typeutils/runtime/record/RecordComparator.java
/home/travis/build/apache/incubator-flink/flink-java/src/main/java/org/apache/flink/api/java/typeutils/GenericTypeInfo.java
/home/travis/build/apache/incubator-flink/flink-java/src/main/java/org/apache/flink/api/java/typeutils/PrimitiveArrayTypeInfo.java
/home/travis/build/apache/incubator-flink/flink-java/src/main/java/org/apache/flink/api/java/record/operators/CoGroupOperator.java
/home/travis/build/apache/incubator-flink/flink-java/src/main/java/org/apache/flink/api/java/tuple/builder/Tuple11Builder.java
/home/travis/build/apache/incubator-flink/flink-java/src/main/java/org/apache/flink/api/java/operators/CustomUnaryOperation.java
/home/travis/build/apache/incubator-flink/flink-java/src/main/java/org/apache/flink/api/java/record/io/DelimitedOutputFormat.java
/home/travis/build/apache/incubator-flink/flink-java/src/main/java/org/apache/flink/api/java/tuple/Tuple9.java
/home/travis/build/apache/incubator-flink/flink-java/src/main/java/org/apache/flink/api/java/operators/translation/TupleKeyExtractingMapper.java
/home/travis/build/apache/incubator-flink/flink-java/src/main/java/org/apache/flink/api/java/typeutils/BasicTypeInfo.java
/home/travis/build/apache/incubator-flink/flink-java/src/main/java/org/apache/flink/api/java/tuple/Tuple19.java
/home/travis/build/apache/incubator-flink/flink-java/src/main/java/org/apache/flink/api/java/typeutils/ResultTypeQueryable.java
/home/travis/build/apache/incubator-flink/flink-java/src/main/java/org/apache/flink/api/java/io/CsvReader.java
/home/travis/build/apache/incubator-flink/flink-java/src/main/java/org/apache/flink/api/java/record/io/DelimitedInputFormat.java
/home/travis/build/apache/incubator-flink/flink-java/src/main/java/org/apache/flink/api/java/typeutils/CompositeType.java
/home/travis/build/apache/incubator-flink/flink-java/src/main/java/org/apache/flink/api/java/aggregation/Aggregations.java
/home/travis/build/apache/incubator-flink/flink-java/src/main/java/org/apache/flink/api/java/tuple/Tuple21.java
/home/travis/build/apache/incubator-flink/flink-java/src/main/java/org/apache/flink/api/java/operators/TwoInputUdfOperator.java
/home/travis/build/apache/incubator-flink/flink-java/src/main/java/org/apache/flink/api/java/io/IteratorInputFormat.java
/home/travis/build/apache/incubator-flink/flink-java/src/main/java/org/apache/flink/api/java/record/functions/ReduceFunction.java
/home/travis/build/apache/incubator-flink/flink-java/src/main/java/org/apache/flink/api/java/tuple/Tuple23.java
/home/travis/build/apache/incubator-flink/flink-java/src/main/java/org/apache/flink/api/java/typeutils/runtime/PojoPairComparator.java
/home/travis/build/apache/incubator-flink/flink-java/src/main/java/org/apache/flink/api/java/typeutils/runtime/WritableComparator.java
/home/travis/build/apache/incubator-flink/flink-java/src/main/java/org/apache/flink/api/java/tuple/builder/Tuple14Builder.java
/home/travis/build/apache/incubator-flink/flink-java/src/main/java/org/apache/flink/api/java/operators/ReduceOperator.java
/home/travis/build/apache/incubator-flink/flink-java/src/main/java/org/apache/flink/api/java/record/operators/ReduceOperator.java
/home/travis/build/apache/incubator-flink/flink-java/src/main/java/org/apache/flink/api/java/typeutils/runtime/ValueSerializer.java
/home/travis/build/apache/incubator-flink/flink-java/src/main/java/org/apache/flink/api/java/operators/JoinOperator.java
/home/travis/build/apache/incubator-flink/flink-java/src/main/java/org/apache/flink/api/java/record/operators/CrossWithSmallOperator.java
/home/travis/build/apache/incubator-flink/flink-java/src/main/java/org/apache/flink/api/java/io/CsvInputFormat.java
/home/travis/build/apache/incubator-flink/flink-java/src/main/java/org/apache/flink/api/java/operators/translation/TupleWrappingCollector.java
/home/travis/build/apache/incubator-flink/flink-java/src/main/java/org/apache/flink/api/java/tuple/builder/Tuple25Builder.java
/home/travis/build/apache/incubator-flink/flink-java/src/main/java/org/apache/flink/api/java/functions/UnsupportedLambdaExpressionException.java
/home/travis/build/apache/incubator-flink/flink-java/src/main/java/org/apache/flink/api/java/record/operators/GenericDataSource.java
/home/travis/build/apache/incubator-flink/flink-java/src/main/java/org/apache/flink/api/java/record/functions/FunctionAnnotation.java
/home/travis/build/apache/incubator-flink/flink-java/src/main/java/org/apache/flink/api/java/io/CollectionInputFormat.java
/home/travis/build/apache/incubator-flink/flink-java/src/main/java/org/apache/flink/api/java/typeutils/runtime/record/RecordPairComparator.java
/home/travis/build/apache/incubator-flink/flink-java/src/main/java/org/apache/flink/api/java/typeutils/runtime/record/RecordSerializer.java
/home/travis/build/apache/incubator-flink/flink-java/src/main/java/org/apache/flink/api/java/operators/SortedGrouping.java
/home/travis/build/apache/incubator-flink/flink-java/src/main/java/org/apache/flink/api/java/io/PrintingOutputFormat.java
/home/travis/build/apache/incubator-flink/flink-java/src/main/java/org/apache/flink/api/java/tuple/builder/Tuple6Builder.java
/home/travis/build/apache/incubator-flink/flink-java/src/main/java/org/apache/flink/api/java/operators/SingleInputOperator.java
/home/travis/build/apache/incubator-flink/flink-java/src/main/java/org/apache/flink/api/java/operators/DistinctOperator.java
/home/travis/build/apache/incubator-flink/flink-java/src/main/java/org/apache/flink/api/java/typeutils/runtime/TupleLeadingFieldPairComparator.java
/home/travis/build/apache/incubator-flink/flink-java/src/main/java/org/apache/flink/api/java/tuple/Tuple17.java
/home/travis/build/apache/incubator-flink/flink-java/src/main/java/org/apache/flink/api/java/typeutils/runtime/RuntimePairComparatorFactory.java
/home/travis/build/apache/incubator-flink/flink-java/src/main/java/org/apache/flink/api/java/typeutils/runtime/RuntimeStatefulSerializerFactory.java
/home/travis/build/apache/incubator-flink/flink-java/src/main/java/org/apache/flink/api/java/functions/RichFlatMapFunction.java
/home/travis/build/apache/incubator-flink/flink-java/src/main/java/org/apache/flink/api/java/typeutils/runtime/CopyableValueSerializer.java
/home/travis/build/apache/incubator-flink/flink-java/src/main/java/org/apache/flink/api/java/operators/translation/WrappingFunction.java
/home/travis/build/apache/incubator-flink/flink-java/src/main/java/org/apache/flink/api/java/operators/AggregateOperator.java
/home/travis/build/apache/incubator-flink/flink-java/src/main/java/org/apache/flink/api/java/typeutils/ObjectArrayTypeInfo.java
/home/travis/build/apache/incubator-flink/flink-java/src/main/java/org/apache/flink/api/java/typeutils/PojoTypeInfo.java
/home/travis/build/apache/incubator-flink/flink-java/src/main/java/org/apache/flink/api/java/typeutils/runtime/DataOutputEncoder.java
/home/travis/build/apache/incubator-flink/flink-java/src/main/java/org/apache/flink/api/java/record/functions/CoGroupFunction.java
/home/travis/build/apache/incubator-flink/flink-java/src/main/java/org/apache/flink/api/java/operators/FlatMapOperator.java
/home/travis/build/apache/incubator-flink/flink-java/src/main/java/org/apache/flink/api/java/tuple/TupleGenerator.java
/home/travis/build/apache/incubator-flink/flink-java/src/main/java/org/apache/flink/api/java/tuple/Tuple7.java
/home/travis/build/apache/incubator-flink/flink-java/src/main/java/org/apache/flink/api/java/tuple/Tuple12.java
/home/travis/build/apache/incubator-flink/flink-java/src/main/java/org/apache/flink/api/java/typeutils/runtime/DataInputDecoder.java
/home/travis/build/apache/incubator-flink/flink-java/src/main/java/org/apache/flink/api/java/io/DiscardingOuputFormat.java
/home/travis/build/apache/incubator-flink/flink-java/src/main/java/org/apache/flink/api/java/operators/Operator.java
/home/travis/build/apache/incubator-flink/flink-java/src/main/java/org/apache/flink/api/java/operators/DataSource.java
/home/travis/build/apache/incubator-flink/flink-java/src/main/java/org/apache/flink/api/java/tuple/Tuple10.java
/home/travis/build/apache/incubator-flink/flink-java/src/main/java/org/apache/flink/api/java/tuple/builder/Tuple8Builder.java
/home/travis/build/apache/incubator-flink/flink-java/src/main/java/org/apache/flink/api/java/functions/RichFlatJoinFunction.java
/home/travis/build/apache/incubator-flink/flink-java/src/main/java/org/apache/flink/api/java/functions/FlatMapIterator.java
/home/travis/build/apache/incubator-flink/flink-java/src/main/java/org/apache/flink/api/java/io/CsvOutputFormat.java
/home/travis/build/apache/incubator-flink/flink-java/src/main/java/org/apache/flink/api/java/tuple/Tuple4.java
/home/travis/build/apache/incubator-flink/flink-java/src/main/java/org/apache/flink/api/java/operators/UnsortedGrouping.java
/home/travis/build/apache/incubator-flink/flink-java/src/main/java/org/apache/flink/api/java/typeutils/runtime/RuntimeStatelessSerializerFactory.java
/home/travis/build/apache/incubator-flink/flink-java/src/main/java/org/apache/flink/api/java/functions/RichGroupReduceFunction.java
/home/travis/build/apache/incubator-flink/flink-java/src/main/java/org/apache/flink/api/java/tuple/Tuple18.java
/home/travis/build/apache/incubator-flink/flink-java/src/main/java/org/apache/flink/api/java/record/operators/DeltaIteration.java
/home/travis/build/apache/incubator-flink/flink-java/src/main/java/org/apache/flink/api/java/tuple/builder/Tuple1Builder.java
/home/travis/build/apache/incubator-flink/flink-java/src/main/java/org/apache/flink/api/java/DeltaIteration.java
/home/travis/build/apache/incubator-flink/flink-java/src/main/java/org/apache/flink/api/java/typeutils/runtime/PojoSerializer.java
/home/travis/build/apache/incubator-flink/flink-java/src/main/java/org/apache/flink/api/java/tuple/Tuple24.java
/home/travis/build/apache/incubator-flink/flink-java/src/main/java/org/apache/flink/api/java/record/operators/OperatorInfoHelper.java
/home/travis/build/apache/incubator-flink/flink-java/src/main/java/org/apache/flink/api/java/BulkIterationResultSet.java
/home/travis/build/apache/incubator-flink/flink-java/src/main/java/org/apache/flink/api/java/tuple/builder/Tuple4Builder.java
/home/travis/build/apache/incubator-flink/flink-java/src/main/java/org/apache/flink/api/java/operators/OperatorTranslation.java
/home/travis/build/apache/incubator-flink/flink-java/src/main/java/org/apache/flink/api/java/tuple/builder/Tuple5Builder.java
/home/travis/build/apache/incubator-flink/flink-java/src/main/java/org/apache/flink/api/java/tuple/Tuple14.java
/home/travis/build/apache/incubator-flink/flink-java/src/main/java/org/apache/flink/api/java/typeutils/runtime/record/RecordComparatorFactory.java
/home/travis/build/apache/incubator-flink/flink-java/src/main/java/org/apache/flink/api/java/tuple/builder/Tuple22Builder.java
/home/travis/build/apache/incubator-flink/flink-java/src/main/java/org/apache/flink/api/java/tuple/builder/Tuple19Builder.java
/home/travis/build/apache/incubator-flink/flink-java/src/main/java/org/apache/flink/api/java/record/io/FixedLengthInputFormat.java
/home/travis/build/apache/incubator-flink/flink-java/src/main/java/org/apache/flink/api/java/typeutils/runtime/record/RecordPairComparatorFactory.java
/home/travis/build/apache/incubator-flink/flink-java/src/main/java/org/apache/flink/api/java/record/operators/CrossWithLargeOperator.java
/home/travis/build/apache/incubator-flink/flink-java/src/main/java/org/apache/flink/api/java/functions/SemanticPropUtil.java
/home/travis/build/apache/incubator-flink/flink-java/src/main/java/org/apache/flink/api/java/tuple/builder/Tuple10Builder.java
/home/travis/build/apache/incubator-flink/flink-java/src/main/java/org/apache/flink/api/java/record/io/CollectionInputFormat.java
/home/travis/build/apache/incubator-flink/flink-java/src/main/java/org/apache/flink/api/java/operators/translation/PlanFilterOperator.java
/home/travis/build/apache/incubator-flink/flink-java/src/main/java/org/apache/flink/api/java/functions/RichReduceFunction.java
/home/travis/build/apache/incubator-flink/flink-java/src/main/java/org/apache/flink/api/java/typeutils/runtime/TupleLeadingFieldComparator.java
/home/travis/build/apache/incubator-flink/flink-java/src/main/java/org/apache/flink/api/java/tuple/builder/Tuple3Builder.java
/home/travis/build/apache/incubator-flink/flink-java/src/main/java/org/apache/flink/api/java/IterativeDataSet.java
/home/travis/build/apache/incubator-flink/flink-java/src/main/java/org/apache/flink/api/java/tuple/builder/Tuple23Builder.java
/home/travis/build/apache/incubator-flink/flink-java/src/main/java/org/apache/flink/api/java/tuple/builder/Tuple21Builder.java
/home/travis/build/apache/incubator-flink/flink-java/src/main/java/org/apache/flink/api/java/record/io/ExternalProcessFixedLengthInputFormat.java
/home/travis/build/apache/incubator-flink/flink-java/src/main/java/org/apache/flink/api/java/tuple/Tuple15.java
/home/travis/build/apache/incubator-flink/flink-java/src/main/java/org/apache/flink/api/java/functions/RichMapFunction.java
/home/travis/build/apache/incubator-flink/flink-java/src/main/java/org/apache/flink/api/java/typeutils/AtomicType.java
/home/travis/build/apache/incubator-flink/flink-java/src/main/java/org/apache/flink/api/java/record/io/FileOutputFormat.java
/home/travis/build/apache/incubator-flink/flink-java/src/main/java/org/apache/flink/api/java/operators/translation/PlanUnwrappingCoGroupOperator.java
/home/travis/build/apache/incubator-flink/flink-java/src/main/java/org/apache/flink/api/java/typeutils/runtime/RuntimeComparatorFactory.java
/home/travis/build/apache/incubator-flink/flink-java/src/main/java/org/apache/flink/api/java/typeutils/TypeExtractor.java
/home/travis/build/apache/incubator-flink/flink-java/src/main/java/org/apache/flink/api/java/operators/UnionOperator.java
/home/travis/build/apache/incubator-flink/flink-java/src/main/java/org/apache/flink/api/java/tuple/builder/Tuple20Builder.java
/home/travis/build/apache/incubator-flink/flink-java/src/main/java/org/apache/flink/api/java/record/functions/CrossFunction.java
/home/travis/build/apache/incubator-flink/flink-java/src/main/java/org/apache/flink/api/java/record/io/TextInputFormat.java
/home/travis/build/apache/incubator-flink/flink-java/src/main/java/org/apache/flink/api/java/operators/translation/TupleUnwrappingIterator.java
/home/travis/build/apache/incubator-flink/flink-java/src/main/java/org/apache/flink/api/java/io/TextInputFormat.java
/home/travis/build/apache/incubator-flink/flink-java/src/main/java/org/apache/flink/api/java/typeutils/runtime/PojoComparator.java
/home/travis/build/apache/incubator-flink/flink-java/src/main/java/org/apache/flink/api/java/record/io/GenericInputFormat.java
/home/travis/build/apache/incubator-flink/flink-java/src/main/java/org/apache/flink/api/java/record/io/ExternalProcessInputSplit.java
/home/travis/build/apache/incubator-flink/flink-java/src/main/java/org/apache/flink/api/java/tuple/builder/Tuple18Builder.java
/home/travis/build/apache/incubator-flink/flink-java/src/main/java/org/apache/flink/api/java/tuple/builder/Tuple15Builder.java
/home/travis/build/apache/incubator-flink/flink-java/src/main/java/org/apache/flink/api/java/record/operators/FileDataSink.java
/home/travis/build/apache/incubator-flink/flink-java/src/main/java/org/apache/flink/api/java/operators/MapOperator.java
/home/travis/build/apache/incubator-flink/flink-java/src/main/java/org/apache/flink/api/java/record/operators/CrossOperator.java
/home/travis/build/apache/incubator-flink/flink-java/src/main/java/org/apache/flink/api/java/tuple/Tuple8.java
/home/travis/build/apache/incubator-flink/flink-java/src/main/java/org/apache/flink/api/java/LocalEnvironment.java
/home/travis/build/apache/incubator-flink/flink-java/src/main/java/org/apache/flink/api/java/ExecutionEnvironment.java
/home/travis/build/apache/incubator-flink/flink-java/src/main/java/org/apache/flink/api/java/record/io/ExternalProcessInputFormat.java
/home/travis/build/apache/incubator-flink/flink-java/src/main/java/org/apache/flink/api/java/record/operators/JoinOperator.java
/home/travis/build/apache/incubator-flink/flink-java/src/main/java/org/apache/flink/api/java/typeutils/runtime/TuplePairComparator.java
/home/travis/build/apache/incubator-flink/flink-java/src/main/java/org/apache/flink/api/java/operators/CrossOperator.java
/home/travis/build/apache/incubator-flink/flink-java/src/main/java/org/apache/flink/api/java/tuple/Tuple3.java
/home/travis/build/apache/incubator-flink/flink-java/src/main/java/org/apache/flink/api/java/io/LocalCollectionOutputFormat.java
/home/travis/build/apache/incubator-flink/flink-java/src/main/java/org/apache/flink/api/java/tuple/builder/Tuple13Builder.java
/home/travis/build/apache/incubator-flink/flink-java/src/main/java/org/apache/flink/api/java/functions/InvalidTypesException.java
/home/travis/build/apache/incubator-flink/flink-java/src/main/java/org/apache/flink/api/java/record/operators/MapOperator.java
/home/travis/build/apache/incubator-flink/flink-java/src/main/java/org/apache/flink/api/java/tuple/builder/Tuple12Builder.java
/home/travis/build/apache/incubator-flink/flink-java/src/main/java/org/apache/flink/api/java/tuple/builder/Tuple17Builder.java
/home/travis/build/apache/incubator-flink/flink-java/src/main/java/org/apache/flink/api/java/tuple/builder/Tuple9Builder.java
/home/travis/build/apache/incubator-flink/flink-java/src/main/java/org/apache/flink/api/java/typeutils/runtime/GenericArraySerializer.java
/home/travis/build/apache/incubator-flink/flink-java/src/main/java/org/apache/flink/api/java/typeutils/runtime/TupleSerializer.java
/home/travis/build/apache/incubator-flink/flink-java/src/main/java/org/apache/flink/api/java/tuple/Tuple2.java
/home/travis/build/apache/incubator-flink/flink-java/src/main/java/org/apache/flink/api/java/tuple/Tuple22.java
/home/travis/build/apache/incubator-flink/flink-java/src/main/java/org/apache/flink/api/java/aggregation/AggregationFunctionFactory.java
/home/travis/build/apache/incubator-flink/flink-java/src/main/java/org/apache/flink/api/java/typeutils/runtime/WritableSerializer.java
/home/travis/build/apache/incubator-flink/flink-java/src/main/java/org/apache/flink/api/java/tuple/Tuple6.java
/home/travis/build/apache/incubator-flink/flink-java/src/main/java/org/apache/flink/api/java/tuple/Tuple25.java
/home/travis/build/apache/incubator-flink/flink-java/src/main/java/org/apache/flink/api/java/functions/RichFlatCombineFunction.java
/home/travis/build/apache/incubator-flink/flink-java/src/main/java/org/apache/flink/api/java/tuple/Tuple5.java
/home/travis/build/apache/incubator-flink/flink-java/src/main/java/org/apache/flink/api/java/DeltaIterationResultSet.java
/home/travis/build/apache/incubator-flink/flink-java/src/main/java/org/apache/flink/api/java/record/operators/FileDataSource.java
