/home/travis/build/apache/incubator-flink/flink-java/src/test/java/org/apache/flink/api/java/operators/translation/AggregateTranslationTest.java
/home/travis/build/apache/incubator-flink/flink-java/src/test/java/org/apache/flink/api/java/typeutils/runtime/StringArrayWritable.java
/home/travis/build/apache/incubator-flink/flink-java/src/test/java/org/apache/flink/api/java/typeutils/runtime/GenericTypeComparatorTest.java
/home/travis/build/apache/incubator-flink/flink-java/src/test/java/org/apache/flink/api/java/type/extractor/TypeExtractorTest.java
/home/travis/build/apache/incubator-flink/flink-java/src/test/java/org/apache/flink/api/java/record/io/CsvOutputFormatTest.java
/home/travis/build/apache/incubator-flink/flink-java/src/test/java/org/apache/flink/api/java/operator/JoinOperatorTest.java
/home/travis/build/apache/incubator-flink/flink-java/src/test/java/org/apache/flink/api/java/typeutils/runtime/TupleComparatorILDXC2Test.java
/home/travis/build/apache/incubator-flink/flink-java/src/test/java/org/apache/flink/api/java/typeutils/runtime/TuplePairComparatorTest.java
/home/travis/build/apache/incubator-flink/flink-java/src/test/java/org/apache/flink/api/java/operators/translation/DeltaIterationTranslationTest.java
/home/travis/build/apache/incubator-flink/flink-java/src/test/java/org/apache/flink/api/java/operator/GroupingTest.java
/home/travis/build/apache/incubator-flink/flink-java/src/test/java/org/apache/flink/api/java/functions/SemanticPropertiesTranslationTest.java
/home/travis/build/apache/incubator-flink/flink-java/src/test/java/org/apache/flink/api/java/tuple/Tuple2Test.java
/home/travis/build/apache/incubator-flink/flink-java/src/test/java/org/apache/flink/api/java/io/TextInputFormatTest.java
/home/travis/build/apache/incubator-flink/flink-java/src/test/java/org/apache/flink/api/java/operators/translation/DistrinctTranslationTest.java
/home/travis/build/apache/incubator-flink/flink-java/src/test/java/org/apache/flink/api/java/type/extractor/PojoTypeInformationTest.java
/home/travis/build/apache/incubator-flink/flink-java/src/test/java/org/apache/flink/api/java/typeutils/runtime/TupleLeadingFieldComparatorTest.java
/home/travis/build/apache/incubator-flink/flink-java/src/test/java/org/apache/flink/api/java/typeutils/runtime/CopyableValueComparatorTest.java
/home/travis/build/apache/incubator-flink/flink-java/src/test/java/org/apache/flink/api/java/typeutils/runtime/GenericTypeSerializerTest.java
/home/travis/build/apache/incubator-flink/flink-java/src/test/java/org/apache/flink/api/java/operators/translation/ReduceTranslationTests.java
/home/travis/build/apache/incubator-flink/flink-java/src/test/java/org/apache/flink/api/java/io/CollectionInputFormatTest.java
/home/travis/build/apache/incubator-flink/flink-java/src/test/java/org/apache/flink/api/java/functions/SemanticPropUtilTest.java
/home/travis/build/apache/incubator-flink/flink-java/src/test/java/org/apache/flink/api/java/typeutils/runtime/TupleComparatorILD3Test.java
/home/travis/build/apache/incubator-flink/flink-java/src/test/java/org/apache/flink/api/java/typeutils/runtime/GenericArraySerializerTest.java
/home/travis/build/apache/incubator-flink/flink-java/src/test/java/org/apache/flink/api/java/typeutils/runtime/TupleComparatorILDX1Test.java
/home/travis/build/apache/incubator-flink/flink-java/src/test/java/org/apache/flink/api/java/typeutils/runtime/PojoSerializerTest.java
/home/travis/build/apache/incubator-flink/flink-java/src/test/java/org/apache/flink/api/java/MultipleInvokationsTest.java
/home/travis/build/apache/incubator-flink/flink-java/src/test/java/org/apache/flink/api/java/record/io/TextInputFormatTest.java
/home/travis/build/apache/incubator-flink/flink-java/src/test/java/org/apache/flink/api/java/record/io/CsvInputFormatTest.java
/home/travis/build/apache/incubator-flink/flink-java/src/test/java/org/apache/flink/api/java/operator/ProjectionOperatorTest.java
/home/travis/build/apache/incubator-flink/flink-java/src/test/java/org/apache/flink/api/java/typeutils/runtime/TupleComparatorILDC3Test.java
/home/travis/build/apache/incubator-flink/flink-java/src/test/java/org/apache/flink/api/java/record/ReduceWrappingFunctionTest.java
/home/travis/build/apache/incubator-flink/flink-java/src/test/java/org/apache/flink/api/java/typeutils/runtime/TupleComparatorISD1Test.java
/home/travis/build/apache/incubator-flink/flink-java/src/test/java/org/apache/flink/api/java/typeutils/TypeInfoParserTest.java
/home/travis/build/apache/incubator-flink/flink-java/src/test/java/org/apache/flink/api/java/typeutils/runtime/ValueComparatorTest.java
/home/travis/build/apache/incubator-flink/flink-java/src/test/java/org/apache/flink/api/java/operator/CoGroupOperatorTest.java
/home/travis/build/apache/incubator-flink/flink-java/src/test/java/org/apache/flink/api/java/typeutils/runtime/TupleLeadingFieldPairComparatorTest.java
/home/travis/build/apache/incubator-flink/flink-java/src/test/java/org/apache/flink/api/java/type/extractor/TypeExtractorInputFormatsTest.java
/home/travis/build/apache/incubator-flink/flink-java/src/test/java/org/apache/flink/api/java/io/CsvInputFormatTest.java
/home/travis/build/apache/incubator-flink/flink-java/src/test/java/org/apache/flink/api/java/typeutils/runtime/TupleComparatorISD3Test.java
/home/travis/build/apache/incubator-flink/flink-java/src/test/java/org/apache/flink/api/java/typeutils/runtime/TupleComparatorISD2Test.java
/home/travis/build/apache/incubator-flink/flink-java/src/test/java/org/apache/flink/api/java/record/io/ExternalProcessInputFormatTest.java
/home/travis/build/apache/incubator-flink/flink-java/src/test/java/org/apache/flink/api/java/operator/CrossOperatorTest.java
/home/travis/build/apache/incubator-flink/flink-java/src/test/java/org/apache/flink/api/java/io/CSVReaderTest.java
/home/travis/build/apache/incubator-flink/flink-java/src/test/java/org/apache/flink/api/java/typeutils/runtime/TupleSerializerTestInstance.java
/home/travis/build/apache/incubator-flink/flink-java/src/test/java/org/apache/flink/api/java/typeutils/runtime/TupleSerializerTest.java
/home/travis/build/apache/incubator-flink/flink-java/src/test/java/org/apache/flink/api/java/typeutils/runtime/tuple/base/TuplePairComparatorTestBase.java
/home/travis/build/apache/incubator-flink/flink-java/src/test/java/org/apache/flink/api/java/typeutils/runtime/WritableSerializerTest.java
/home/travis/build/apache/incubator-flink/flink-java/src/test/java/org/apache/flink/api/java/typeutils/runtime/TupleComparatorILD2Test.java
/home/travis/build/apache/incubator-flink/flink-java/src/test/java/org/apache/flink/api/java/typeutils/runtime/WritableComparatorTest.java
/home/travis/build/apache/incubator-flink/flink-java/src/test/java/org/apache/flink/api/java/operator/AggregateOperatorTest.java
/home/travis/build/apache/incubator-flink/flink-java/src/test/java/org/apache/flink/api/java/record/io/ExternalProcessFixedLengthInputFormatTest.java
/home/travis/build/apache/incubator-flink/flink-java/src/test/java/org/apache/flink/api/java/record/io/FixedLenghtInputFormatTest.java
/home/travis/build/apache/incubator-flink/flink-java/src/test/java/org/apache/flink/api/java/record/CoGroupWrappingFunctionTest.java
/home/travis/build/apache/incubator-flink/flink-java/src/test/java/org/apache/flink/api/java/operator/DistinctOperatorTest.java
/home/travis/build/apache/incubator-flink/flink-java/src/test/java/org/apache/flink/api/java/typeutils/runtime/tuple/base/TupleComparatorTestBase.java
/home/travis/build/apache/incubator-flink/flink-java/src/test/java/org/apache/flink/api/java/functions/SemanticPropertiesProjectionTest.java
